c:\users\jarvis\documents\aos_swarm\aos\aos groundstation\aos server\droneswarmserver\droneswarmserver\x64\debug\droneswarmserver.pch
c:\users\jarvis\documents\aos_swarm\aos\aos groundstation\aos server\droneswarmserver\droneswarmserver\x64\debug\vc143.pdb
c:\users\jarvis\documents\aos_swarm\aos\aos groundstation\aos server\droneswarmserver\droneswarmserver\x64\debug\vc143.idb
c:\users\jarvis\documents\aos_swarm\aos\aos groundstation\aos server\droneswarmserver\droneswarmserver\x64\debug\pch.obj
c:\users\jarvis\documents\aos_swarm\aos\aos groundstation\aos server\droneswarmserver\droneswarmserver\x64\debug\listctrlex.obj
c:\users\jarvis\documents\aos_swarm\aos\aos groundstation\aos server\droneswarmserver\droneswarmserver\x64\debug\msghook.obj
c:\users\jarvis\documents\aos_swarm\aos\aos groundstation\aos server\droneswarmserver\droneswarmserver\x64\debug\dialog3dlg.obj
c:\users\jarvis\documents\aos_swarm\aos\aos groundstation\aos server\droneswarmserver\droneswarmserver\x64\debug\droneswarmserverdlg.obj
c:\users\jarvis\documents\aos_swarm\aos\aos groundstation\aos server\droneswarmserver\droneswarmserver\x64\debug\dialog1dlg.obj
c:\users\jarvis\documents\aos_swarm\aos\aos groundstation\aos server\droneswarmserver\droneswarmserver\x64\debug\uianimationwnd.obj
c:\users\jarvis\documents\aos_swarm\aos\aos groundstation\aos server\droneswarmserver\droneswarmserver\x64\debug\viewcomponent.obj
c:\users\jarvis\documents\aos_swarm\aos\aos groundstation\aos server\droneswarmserver\droneswarmserver\x64\debug\droneswarmserver.obj
c:\users\jarvis\documents\aos_swarm\aos\aos groundstation\aos server\droneswarmserver\droneswarmserver\x64\debug\dialog2dlg.obj
c:\users\jarvis\documents\aos_swarm\aos\aos groundstation\aos server\droneswarmserver\x64\debug\droneswarmserver.exe
c:\users\jarvis\documents\aos_swarm\aos\aos groundstation\aos server\droneswarmserver\x64\debug\droneswarmserver.pdb
c:\users\jarvis\documents\aos_swarm\aos\aos groundstation\aos server\droneswarmserver\droneswarmserver\x64\debug\droneswarmserver.res
c:\users\jarvis\documents\aos_swarm\aos\aos groundstation\aos server\droneswarmserver\droneswarmserver\x64\debug\droneswarmserver.exe.embed.manifest.res
c:\users\jarvis\documents\aos_swarm\aos\aos groundstation\aos server\droneswarmserver\droneswarmserver\x64\debug\droneswarmserver.exe.embed.manifest
c:\users\jarvis\documents\aos_swarm\aos\aos groundstation\aos server\droneswarmserver\droneswarmserver\x64\debug\droneswarmserver_manifest.rc
c:\users\jarvis\documents\aos_swarm\aos\aos groundstation\aos server\droneswarmserver\droneswarmserver\x64\debug\droneswarmserver.tlog\cl.command.1.tlog
c:\users\jarvis\documents\aos_swarm\aos\aos groundstation\aos server\droneswarmserver\droneswarmserver\x64\debug\droneswarmserver.tlog\cl.items.tlog
c:\users\jarvis\documents\aos_swarm\aos\aos groundstation\aos server\droneswarmserver\droneswarmserver\x64\debug\droneswarmserver.tlog\cl.read.1.tlog
c:\users\jarvis\documents\aos_swarm\aos\aos groundstation\aos server\droneswarmserver\droneswarmserver\x64\debug\droneswarmserver.tlog\cl.write.1.tlog
c:\users\jarvis\documents\aos_swarm\aos\aos groundstation\aos server\droneswarmserver\droneswarmserver\x64\debug\droneswarmserver.tlog\link.command.1.tlog
c:\users\jarvis\documents\aos_swarm\aos\aos groundstation\aos server\droneswarmserver\droneswarmserver\x64\debug\droneswarmserver.tlog\link.read.1.tlog
c:\users\jarvis\documents\aos_swarm\aos\aos groundstation\aos server\droneswarmserver\droneswarmserver\x64\debug\droneswarmserver.tlog\link.secondary.1.tlog
c:\users\jarvis\documents\aos_swarm\aos\aos groundstation\aos server\droneswarmserver\droneswarmserver\x64\debug\droneswarmserver.tlog\link.write.1.tlog
c:\users\jarvis\documents\aos_swarm\aos\aos groundstation\aos server\droneswarmserver\droneswarmserver\x64\debug\droneswarmserver.tlog\rc.command.1.tlog
c:\users\jarvis\documents\aos_swarm\aos\aos groundstation\aos server\droneswarmserver\droneswarmserver\x64\debug\droneswarmserver.tlog\rc.read.1.tlog
c:\users\jarvis\documents\aos_swarm\aos\aos groundstation\aos server\droneswarmserver\droneswarmserver\x64\debug\droneswarmserver.tlog\rc.write.1.tlog
